---
source: src/main.rs
expression: sorted_json
---
Object {
    "name": String("John Doe"),
    "hobbies": Array [
        String("reading"),
        String("cycling"),
    ],
    "age": Number(43),
    "address": Object {
        "street": String("123 Main St"),
        "city": String("Anytown"),
    },
}
